// Jest Snapshot v1, https://goo.gl/fbAQLP

exports[`it renders 1`] = `
<form
  className="step-form"
  noValidate={true}
  onSubmit={[Function]}
/>
`;
