// Jest Snapshot v1, https://goo.gl/fbAQLP

exports[`it renders 1`] = `
<form
  onSubmit={[Function]}
>
  <button
    className="btn btn-primary"
    disabled={true}
    type="submit"
  >
    Save
  </button>
</form>
`;
