// Jest Snapshot v1, https://goo.gl/fbAQLP

exports[`it renders 1`] = `
<StepForm
  generalError={null}
  isDisabled={false}
  onSubmit={[Function]}
  steps={Array []}
  validationError={null}
  wasValidated={false}
/>
`;
