// Jest Snapshot v1, https://goo.gl/fbAQLP

exports[`it renders 1`] = `
<div
  className="custom-onboarding"
>
  <div
    className="row"
  >
    <div
      className="col mb-3"
    >
      <h4
        className="my-3"
      >
        Do you have any custom expenses you’d like to enter?
      </h4>
      <p>
        Do you have any other expenses that you would like to enter that were not listed on the previous page?
      </p>
      <CustomExpenseManager
        year=""
      />
    </div>
  </div>
  <div
    className="row"
  >
    <div
      className="col"
    >
      <p
        className="mb-3"
      >
        If you are done adding expenses or prefer to add them later, click NEXT to continue.
      </p>
    </div>
  </div>
  <div
    className="row"
  >
    <div
      className="col col-6 mr-auto"
    >
      <button
        className="tx-anchor-button"
        onClick={[Function]}
        type="button"
      >
        ← Back
      </button>
    </div>
    <div
      className="col col-6"
    >
      <button
        className="btn btn-primary w-100"
        onClick={[Function]}
        type="button"
      >
        Next
      </button>
    </div>
  </div>
</div>
`;
