// Jest Snapshot v1, https://goo.gl/fbAQLP

exports[`it renders 1`] = `
<div
  aria-hidden="true"
  className="modal fade"
  role="dialog"
  tabIndex="-1"
>
  <div
    className="modal-dialog"
  >
    <div
      className="modal-content"
    >
      <form
        className="m-0"
        noValidate={true}
        onSubmit={[Function]}
      >
        <div
          className="modal-body"
        >
          <div
            className="form-group"
          >
            <label
              htmlFor="input_description"
            >
              Description
            </label>
            <textarea
              className="form-control"
              id="input_description"
              name="notes"
            />
          </div>
        </div>
        <div
          className="modal-footer"
        >
          <button
            className="btn btn-secondary"
            data-dismiss="modal"
            disabled={false}
            type="button"
          >
            Cancel
          </button>
          <button
            className="btn btn-primary"
            disabled={false}
            type="submit"
          >
            Update
          </button>
        </div>
      </form>
    </div>
  </div>
</div>
`;
